0 verbose cli /usr/bin/node /usr/bin/npm
1 info using npm@9.2.0
2 info using node@v18.19.1
3 timing npm:load:whichnode Completed in 0ms
4 timing config:load:defaults Completed in 1ms
5 timing config:load:file:/usr/share/nodejs/npm/npmrc Completed in 2ms
6 timing config:load:builtin Completed in 2ms
7 timing config:load:cli Completed in 1ms
8 timing config:load:env Completed in 1ms
9 timing config:load:file:/home/.npmrc Completed in 0ms
10 timing config:load:project Completed in 1ms
11 timing config:load:file:/home/ps/.npmrc Completed in 0ms
12 timing config:load:user Completed in 0ms
13 timing config:load:file:/etc/npmrc Completed in 0ms
14 timing config:load:global Completed in 0ms
15 timing config:load:setEnvs Completed in 1ms
16 timing config:load Completed in 8ms
17 timing npm:load:configload Completed in 8ms
18 timing npm:load:mkdirpcache Completed in 0ms
19 timing npm:load:mkdirplogs Completed in 1ms
20 verbose title npm create vite@latest myfirstapp --template react
21 verbose argv "create" "vite@latest" "myfirstapp" "--" "--template" "react"
22 timing npm:load:setTitle Completed in 1ms
23 timing config:load:flatten Completed in 2ms
24 timing npm:load:display Completed in 3ms
25 verbose logfile logs-max:10 dir:/home/ps/.npm/_logs/2025-11-17T01_10_01_091Z-
26 verbose logfile /home/ps/.npm/_logs/2025-11-17T01_10_01_091Z-debug-0.log
27 timing npm:load:logFile Completed in 6ms
28 timing npm:load:timers Completed in 0ms
29 timing npm:load:configScope Completed in 0ms
30 timing npm:load Completed in 19ms
31 silly logfile done cleaning log files
32 timing arborist:ctor Completed in 0ms
33 http fetch GET 200 https://registry.npmjs.org/create-vite 136ms (cache miss)
34 timing arborist:ctor Completed in 0ms
35 timing arborist:ctor Completed in 0ms
36 timing idealTree:init Completed in 5ms
37 timing idealTree:userRequests Completed in 4ms
38 silly idealTree buildDeps
39 silly fetch manifest create-vite@8.1.0
40 http fetch GET 200 https://registry.npmjs.org/create-vite 20ms (cache hit)
41 silly placeDep ROOT create-vite@8.1.0 OK for:  want: 8.1.0
42 timing idealTree:#root Completed in 27ms
43 timing idealTree:node_modules/create-vite Completed in 0ms
44 timing idealTree:buildDeps Completed in 28ms
45 timing idealTree:fixDepFlags Completed in 0ms
46 warn EBADENGINE Unsupported engine {
46 warn EBADENGINE   package: 'create-vite@8.1.0',
46 warn EBADENGINE   required: { node: '^20.19.0 || >=22.12.0' },
46 warn EBADENGINE   current: { node: 'v18.19.1', npm: '9.2.0' }
46 warn EBADENGINE }
47 timing idealTree Completed in 42ms
48 timing reify:loadTrees Completed in 43ms
49 timing reify:diffTrees Completed in 0ms
50 silly reify moves {}
51 timing reify:retireShallow Completed in 0ms
52 timing reify:createSparse Completed in 2ms
53 timing reify:loadBundles Completed in 0ms
54 silly audit bulk request { 'create-vite': [ '8.1.0' ] }
55 silly tarball no local data for create-vite@https://registry.npmjs.org/create-vite/-/create-vite-8.1.0.tgz. Extracting by manifest.
56 http fetch GET 200 https://registry.npmjs.org/create-vite/-/create-vite-8.1.0.tgz 145ms (cache miss)
57 timing reifyNode:node_modules/create-vite Completed in 159ms
58 timing reify:unpack Completed in 159ms
59 timing reify:unretire Completed in 0ms
60 timing build:queue Completed in 0ms
61 timing build:link:node_modules/create-vite Completed in 3ms
62 timing build:link Completed in 3ms
63 timing build:deps Completed in 3ms
64 timing build Completed in 3ms
65 timing reify:build Completed in 4ms
66 timing reify:trash Completed in 0ms
67 timing reify:save Completed in 5ms
68 http fetch POST 200 https://registry.npmjs.org/-/npm/v1/security/advisories/bulk 174ms
69 timing auditReport:getReport Completed in 175ms
70 silly audit report {}
71 timing auditReport:init Completed in 0ms
72 timing reify:audit Completed in 175ms
73 timing reify Completed in 225ms
74 timing command:create Completed in 27118ms
75 verbose exit 0
76 timing npm Completed in 27154ms
77 info ok
