0 verbose cli /usr/bin/node /usr/bin/npm
1 info using npm@9.2.0
2 info using node@v18.19.1
3 timing npm:load:whichnode Completed in 0ms
4 timing config:load:defaults Completed in 1ms
5 timing config:load:file:/usr/share/nodejs/npm/npmrc Completed in 2ms
6 timing config:load:builtin Completed in 2ms
7 timing config:load:cli Completed in 1ms
8 timing config:load:env Completed in 1ms
9 timing config:load:file:/home/ps/Cousera-lesson/IBM-Full-Course5/.npmrc Completed in 1ms
10 timing config:load:project Completed in 3ms
11 timing config:load:file:/home/ps/.npmrc Completed in 0ms
12 timing config:load:user Completed in 0ms
13 timing config:load:file:/etc/npmrc Completed in 0ms
14 timing config:load:global Completed in 0ms
15 timing config:load:setEnvs Completed in 0ms
16 timing config:load Completed in 9ms
17 timing npm:load:configload Completed in 10ms
18 timing npm:load:mkdirpcache Completed in 1ms
19 timing npm:load:mkdirplogs Completed in 0ms
20 verbose title npm create vite@latest myfirstapp --template react
21 verbose argv "create" "vite@latest" "myfirstapp" "--" "--template" "react"
22 timing npm:load:setTitle Completed in 2ms
23 timing config:load:flatten Completed in 2ms
24 timing npm:load:display Completed in 3ms
25 verbose logfile logs-max:10 dir:/home/ps/.npm/_logs/2025-11-17T01_10_58_430Z-
26 verbose logfile /home/ps/.npm/_logs/2025-11-17T01_10_58_430Z-debug-0.log
27 timing npm:load:logFile Completed in 6ms
28 timing npm:load:timers Completed in 0ms
29 timing npm:load:configScope Completed in 0ms
30 timing npm:load Completed in 22ms
31 silly logfile done cleaning log files
32 timing arborist:ctor Completed in 0ms
33 http fetch GET 200 https://registry.npmjs.org/create-vite 163ms (cache revalidated)
34 timing arborist:ctor Completed in 0ms
35 timing arborist:ctor Completed in 0ms
36 timing command:create Completed in 11567ms
37 verbose stack Error: command failed
37 verbose stack     at ChildProcess.<anonymous> (/usr/share/nodejs/@npmcli/promise-spawn/lib/index.js:53:27)
37 verbose stack     at ChildProcess.emit (node:events:517:28)
37 verbose stack     at maybeClose (node:internal/child_process:1098:16)
37 verbose stack     at ChildProcess._handle.onexit (node:internal/child_process:303:5)
38 verbose cwd /home/ps/Cousera-lesson/IBM-Full-Course5
39 verbose Linux 6.6.87.2-microsoft-standard-WSL2
40 verbose node v18.19.1
41 verbose npm  v9.2.0
42 error code 1
43 error path /home/ps/Cousera-lesson/IBM-Full-Course5
44 error command failed
45 error command sh -c create-vite myfirstapp --template react
46 verbose exit 1
47 timing npm Completed in 11611ms
48 verbose code 1
49 error A complete log of this run can be found in:
49 error     /home/ps/.npm/_logs/2025-11-17T01_10_58_430Z-debug-0.log
