0 verbose cli /usr/bin/node /usr/bin/npm
1 info using npm@9.2.0
2 info using node@v18.19.1
3 timing npm:load:whichnode Completed in 0ms
4 timing config:load:defaults Completed in 1ms
5 timing config:load:file:/usr/share/nodejs/npm/npmrc Completed in 2ms
6 timing config:load:builtin Completed in 2ms
7 timing config:load:cli Completed in 2ms
8 timing config:load:env Completed in 0ms
9 timing config:load:file:/home/ps/Cousera-lesson/IBM-Full-Course5/myfirstapp/.npmrc Completed in 0ms
10 timing config:load:project Completed in 3ms
11 timing config:load:file:/home/ps/.npmrc Completed in 0ms
12 timing config:load:user Completed in 0ms
13 timing config:load:file:/etc/npmrc Completed in 0ms
14 timing config:load:global Completed in 0ms
15 timing config:load:setEnvs Completed in 1ms
16 timing config:load Completed in 9ms
17 timing npm:load:configload Completed in 9ms
18 timing npm:load:mkdirpcache Completed in 0ms
19 timing npm:load:mkdirplogs Completed in 0ms
20 verbose title npm install
21 verbose argv "install"
22 timing npm:load:setTitle Completed in 0ms
23 timing config:load:flatten Completed in 2ms
24 timing npm:load:display Completed in 4ms
25 verbose logfile logs-max:10 dir:/home/ps/.npm/_logs/2025-11-17T01_11_09_979Z-
26 verbose logfile /home/ps/.npm/_logs/2025-11-17T01_11_09_979Z-debug-0.log
27 timing npm:load:logFile Completed in 5ms
28 timing npm:load:timers Completed in 0ms
29 timing npm:load:configScope Completed in 0ms
30 timing npm:load Completed in 20ms
31 silly logfile done cleaning log files
32 timing config:load:flatten Completed in 1ms
33 timing arborist:ctor Completed in 0ms
34 timing idealTree Completed in 6ms
35 timing command:install Completed in 12ms
36 verbose stack TypeError: Invalid comparator: npm:rolldown-vite@7.2.2
36 verbose stack     at Comparator.parse (/usr/share/nodejs/semver/classes/comparator.js:39:13)
36 verbose stack     at new Comparator (/usr/share/nodejs/semver/classes/comparator.js:23:10)
36 verbose stack     at /usr/share/nodejs/semver/classes/range.js:138:47
36 verbose stack     at Array.map (<anonymous>)
36 verbose stack     at Range.parseRange (/usr/share/nodejs/semver/classes/range.js:138:35)
36 verbose stack     at /usr/share/nodejs/semver/classes/range.js:41:22
36 verbose stack     at Array.map (<anonymous>)
36 verbose stack     at new Range (/usr/share/nodejs/semver/classes/range.js:41:8)
36 verbose stack     at Object.intersects (/usr/share/nodejs/semver/ranges/intersects.js:3:8)
36 verbose stack     at OverrideSet.getEdgeRule (/usr/share/nodejs/@npmcli/arborist/lib/override-set.js:53:18)
37 verbose cwd /home/ps/Cousera-lesson/IBM-Full-Course5/myfirstapp
38 verbose Linux 6.6.87.2-microsoft-standard-WSL2
39 verbose node v18.19.1
40 verbose npm  v9.2.0
41 error Invalid comparator: npm:rolldown-vite@7.2.2
42 verbose exit 1
43 timing npm Completed in 46ms
44 verbose unfinished npm timer reify 1763341870012
45 verbose unfinished npm timer reify:loadTrees 1763341870014
46 verbose unfinished npm timer idealTree:init 1763341870015
47 verbose code 1
48 error A complete log of this run can be found in:
48 error     /home/ps/.npm/_logs/2025-11-17T01_11_09_979Z-debug-0.log
